[10Jun2026 13:33:28.337] [main/INFO] [cpw.mods.modlauncher.Launcher/MODLAUNCHER]: ModLauncher running: args [--launchTarget, forgeclientdev, --version, 21.1.231, --assetIndex, 17, --assetsDir, C:\\Users\\Reece\\.gradle\\caches\\neoformruntime\\assets, --gameDir, ., --fml.fmlVersion, 4.0.42, --fml.mcVersion, 1.21.1, --fml.neoForgeVersion, 21.1.231, --fml.neoFormVersion, 20240808.144430]
[10Jun2026 13:33:28.341] [main/INFO] [cpw.mods.modlauncher.Launcher/MODLAUNCHER]: JVM identified as Microsoft OpenJDK 64-Bit Server VM 21.0.11+10-LTS
[10Jun2026 13:33:28.342] [main/INFO] [cpw.mods.modlauncher.Launcher/MODLAUNCHER]: ModLauncher 11.0.5+main.901c6ea8 starting: java version 21.0.11 by Microsoft; OS Windows 10 arch amd64 version 10.0
[10Jun2026 13:33:28.459] [main/INFO] [net.neoforged.fml.loading.ImmediateWindowHandler/]: Loading ImmediateWindowProvider fmlearlywindow
[10Jun2026 13:33:28.586] [main/INFO] [EARLYDISPLAY/]: Trying GL version 4.6
[10Jun2026 13:33:28.771] [main/INFO] [EARLYDISPLAY/]: Requested GL version 4.6 got version 4.6
[10Jun2026 13:33:28.894] [main/INFO] [mixin/]: SpongePowered MIXIN Subsystem Version=0.8.7 Source=union:/C:/Users/Reece/.gradle/caches/modules-2/files-2.1/net.fabricmc/sponge-mixin/0.15.2+mixin.0.8.7/2af2f021d8e02a0220dc27a7a72b4666d66d44ca/sponge-mixin-0.15.2+mixin.0.8.7.jar%23138!/ Service=ModLauncher Env=CLIENT
[10Jun2026 13:33:29.004] [pool-2-thread-1/INFO] [EARLYDISPLAY/]: GL info: NVIDIA GeForce GTX 1060 6GB/PCIe/SSE2 GL version 4.6.0 NVIDIA 560.94, NVIDIA Corporation
[10Jun2026 13:33:29.390] [main/INFO] [net.neoforged.fml.loading.moddiscovery.locators.JarInJarDependencyLocator/]: Found 4 dependencies adding them to mods collection
[10Jun2026 13:33:29.393] [main/INFO] [net.neoforged.fml.loading.moddiscovery.ModDiscoverer/]: 
     Mod List:
		Name Version (Mod Id)

		Forge Config API Port 21.1.4 (forgeconfigapiport)
		Minecraft 1.21.1 (minecraft)
		NeoForge 21.1.231 (neoforge)
		Pehkui 3.8.3+1.21-neoforge (pehkui)
		REPO PHYSICS 0.01 (repophys)
		Sable Companion 1.5.0 (sablecompanion)
		Veil 4.1.1 (veil)
[10Jun2026 13:33:30.379] [main/INFO] [mixin/]: Compatibility level set to JAVA_17
[10Jun2026 13:33:30.383] [main/INFO] [mixin/]: Compatibility level set to JAVA_21
[10Jun2026 13:33:30.407] [main/INFO] [cpw.mods.modlauncher.LaunchServiceHandler/MODLAUNCHER]: Launching target 'forgeclientdev' with arguments [--version, 21.1.231, --gameDir, ., --assetsDir, C:\Users\Reece\.gradle\caches\neoformruntime\assets, --assetIndex, 17]
[10Jun2026 13:33:31.094] [main/WARN] [mixin/]: Error loading class: net/irisshaders/iris/pipeline/PipelineManager (java.lang.ClassNotFoundException: net.irisshaders.iris.pipeline.PipelineManager)
[10Jun2026 13:33:31.094] [main/WARN] [mixin/]: @Mixin target net.irisshaders.iris.pipeline.PipelineManager was not found veil.neoforge.mixins.json:client.perspective.iris.PipelineManagerMixin from mod veil
[10Jun2026 13:33:31.174] [main/INFO] [MixinExtras|Service/]: Initializing MixinExtras via com.llamalad7.mixinextras.service.MixinExtrasServiceImpl(version=0.5.3).
[10Jun2026 13:33:32.569] [main/WARN] [oshi.util.platform.windows.WmiQueryHandler/]: COM exception querying Win32_Processor, which might not be on your system. Will not attempt to query it again. Error was -2147023838: The service cannot be started, either because it is disabled or because it has no enabled devices associated with it.(HRESULT: 80070422)
[10Jun2026 13:33:32.598] [main/WARN] [oshi.util.platform.windows.WmiQueryHandler/]: COM exception querying Win32_Processor, which might not be on your system. Will not attempt to query it again. Error was -2147023838: The service cannot be started, either because it is disabled or because it has no enabled devices associated with it.(HRESULT: 80070422)
[10Jun2026 13:33:32.614] [main/WARN] [oshi.util.platform.windows.WmiQueryHandler/]: COM exception querying Win32_PhysicalMemory, which might not be on your system. Will not attempt to query it again. Error was -2147023838: The service cannot be started, either because it is disabled or because it has no enabled devices associated with it.(HRESULT: 80070422)
[10Jun2026 13:33:32.657] [Datafixer Bootstrap/INFO] [com.mojang.datafixers.DataFixerBuilder/]: 229 Datafixer optimizations took 301 milliseconds
[10Jun2026 13:33:38.397] [main/WARN] [net.minecraft.commands.Commands/]: Ambiguity between arguments [teleport, location] and [teleport, destination] with inputs: [0.1 -0.5 .9, 0 0 0]
[10Jun2026 13:33:38.399] [main/WARN] [net.minecraft.commands.Commands/]: Ambiguity between arguments [teleport, location] and [teleport, targets] with inputs: [0.1 -0.5 .9, 0 0 0]
[10Jun2026 13:33:38.403] [main/WARN] [net.minecraft.commands.Commands/]: Ambiguity between arguments [teleport, destination] and [teleport, targets] with inputs: [Player, 0123, @e, dd12be42-52a9-4a91-a8a1-11c01849e498]
[10Jun2026 13:33:38.405] [main/WARN] [net.minecraft.commands.Commands/]: Ambiguity between arguments [teleport, targets] and [teleport, destination] with inputs: [Player, 0123, dd12be42-52a9-4a91-a8a1-11c01849e498]
[10Jun2026 13:33:38.406] [main/WARN] [net.minecraft.commands.Commands/]: Ambiguity between arguments [teleport, targets, location] and [teleport, targets, destination] with inputs: [0.1 -0.5 .9, 0 0 0]
[10Jun2026 13:33:38.581] [Render thread/WARN] [net.minecraft.server.packs.VanillaPackResourcesBuilder/]: Assets URL 'union:/G:/Reece/REPOPHYSICS/REPOPHYSICS/build/moddev/artifacts/neoforge-21.1.231.jar%23189!/assets/.mcassetsroot' uses unexpected schema
[10Jun2026 13:33:38.582] [Render thread/WARN] [net.minecraft.server.packs.VanillaPackResourcesBuilder/]: Assets URL 'union:/G:/Reece/REPOPHYSICS/REPOPHYSICS/build/moddev/artifacts/neoforge-21.1.231.jar%23189!/data/.mcassetsroot' uses unexpected schema
[10Jun2026 13:33:38.607] [Render thread/INFO] [com.mojang.authlib.yggdrasil.YggdrasilAuthenticationService/]: Environment: Environment[sessionHost=https://sessionserver.mojang.com, servicesHost=https://api.minecraftservices.com, name=PROD]
[10Jun2026 13:33:38.617] [Render thread/INFO] [net.minecraft.client.Minecraft/]: Setting user: Dev
[10Jun2026 13:33:38.740] [Render thread/INFO] [net.minecraft.client.Minecraft/]: Backend library: LWJGL version 3.3.3+5
[10Jun2026 13:33:38.873] [Render thread/WARN] [oshi.util.platform.windows.WmiQueryHandler/]: COM exception querying Win32_Processor, which might not be on your system. Will not attempt to query it again. Error was -2147023838: The service cannot be started, either because it is disabled or because it has no enabled devices associated with it.(HRESULT: 80070422)
[10Jun2026 13:33:38.879] [Render thread/WARN] [oshi.util.platform.windows.WmiQueryHandler/]: COM exception querying Win32_Processor, which might not be on your system. Will not attempt to query it again. Error was -2147023838: The service cannot be started, either because it is disabled or because it has no enabled devices associated with it.(HRESULT: 80070422)
[10Jun2026 13:33:39.132] [modloading-worker-0/INFO] [Veil/]: Veil is initializing.
[10Jun2026 13:33:39.158] [modloading-worker-0/INFO] [net.neoforged.neoforge.common.NeoForgeMod/NEOFORGE-MOD]: NeoForge mod loading, version 21.1.231, for MC 1.21.1
[10Jun2026 13:33:39.849] [Render thread/INFO] [Veil/]: GL Debug supported
[10Jun2026 13:33:40.167] [Render thread/INFO] [net.neoforged.neoforge.gametest.GameTestHooks/]: Enabled Gametest Namespaces: [repophys]
[10Jun2026 13:33:40.375] [Render thread/INFO] [net.minecraft.server.packs.resources.ReloadableResourceManager/]: Reloading ResourceManager: vanilla, mod_resources, mod/pehkui, mod/forgeconfigapiport, mod/veil, mod/sablecompanion, mod/neoforge, mod/repophys
[10Jun2026 13:33:40.444] [NeoForge Version Check/INFO] [net.neoforged.fml.VersionChecker/]: [forgeconfigapiport] Starting version check at https://raw.githubusercontent.com/Fuzss/modresources/main/update/forgeconfigapiport.json
[10Jun2026 13:33:40.475] [Worker-Main-3/INFO] [net.minecraft.client.gui.font.providers.UnihexProvider/]: Found unifont_all_no_pua-15.1.05.hex, loading
[10Jun2026 13:33:40.776] [Worker-Main-4/INFO] [net.minecraft.client.gui.font.providers.UnihexProvider/]: Found unifont_jp_patch-15.1.05.hex, loading
[10Jun2026 13:33:40.991] [NeoForge Version Check/INFO] [net.neoforged.fml.VersionChecker/]: [forgeconfigapiport] Found status: OUTDATED Current: 21.1.4 Target: 21.1.6
[10Jun2026 13:33:41.423] [Worker-Main-11/WARN] [net.minecraft.client.resources.model.BlockStateModelLoader/]: Exception loading blockstate definition: 'repophys:blockstates/grab_physics_block.json' missing model for variant: 'repophys:grab_physics_block#'
[10Jun2026 13:33:41.424] [Worker-Main-11/WARN] [net.minecraft.client.resources.model.ModelBakery/]: Unable to load model: 'repophys:item/grab_physics_block' referenced from: repophys:item/grab_physics_block: java.io.FileNotFoundException: repophys:models/item/grab_physics_block.json
[10Jun2026 13:33:41.958] [Render thread/INFO] [Veil/]: Loaded 0 shader modifications
[10Jun2026 13:33:42.101] [Render thread/INFO] [Veil/]: Loaded 17 shaders from: pinwheel/shaders/program
[10Jun2026 13:33:42.238] [Render thread/WARN] [net.minecraft.client.sounds.SoundEngine/]: Missing sound for event: minecraft:item.goat_horn.play
[10Jun2026 13:33:42.238] [Render thread/WARN] [net.minecraft.client.sounds.SoundEngine/]: Missing sound for event: minecraft:entity.goat.screaming.horn_break
[10Jun2026 13:33:42.288] [Render thread/INFO] [com.mojang.blaze3d.audio.Library/]: OpenAL initialized on device OpenAL Soft on E22 (NVIDIA High Definition Audio)
[10Jun2026 13:33:42.289] [Render thread/INFO] [net.minecraft.client.sounds.SoundEngine/SOUNDS]: Sound engine started
[10Jun2026 13:33:42.405] [Render thread/INFO] [net.minecraft.client.renderer.texture.TextureAtlas/]: Created: 1024x512x4 minecraft:textures/atlas/blocks.png-atlas
[10Jun2026 13:33:42.413] [Render thread/INFO] [net.minecraft.client.renderer.texture.TextureAtlas/]: Created: 256x256x4 minecraft:textures/atlas/signs.png-atlas
[10Jun2026 13:33:42.413] [Render thread/INFO] [net.minecraft.client.renderer.texture.TextureAtlas/]: Created: 512x512x4 minecraft:textures/atlas/shield_patterns.png-atlas
[10Jun2026 13:33:42.414] [Render thread/INFO] [net.minecraft.client.renderer.texture.TextureAtlas/]: Created: 512x512x4 minecraft:textures/atlas/banner_patterns.png-atlas
[10Jun2026 13:33:42.414] [Render thread/INFO] [net.minecraft.client.renderer.texture.TextureAtlas/]: Created: 1024x1024x4 minecraft:textures/atlas/armor_trims.png-atlas
[10Jun2026 13:33:42.417] [Render thread/INFO] [net.minecraft.client.renderer.texture.TextureAtlas/]: Created: 128x64x4 minecraft:textures/atlas/decorated_pot.png-atlas
[10Jun2026 13:33:42.418] [Render thread/INFO] [net.minecraft.client.renderer.texture.TextureAtlas/]: Created: 256x256x4 minecraft:textures/atlas/chest.png-atlas
[10Jun2026 13:33:42.418] [Render thread/INFO] [net.minecraft.client.renderer.texture.TextureAtlas/]: Created: 512x256x4 minecraft:textures/atlas/shulker_boxes.png-atlas
[10Jun2026 13:33:42.418] [Render thread/INFO] [net.minecraft.client.renderer.texture.TextureAtlas/]: Created: 512x256x4 minecraft:textures/atlas/beds.png-atlas
[10Jun2026 13:33:42.640] [Render thread/INFO] [net.minecraft.client.renderer.texture.TextureAtlas/]: Created: 512x256x0 minecraft:textures/atlas/particles.png-atlas
[10Jun2026 13:33:42.641] [Render thread/INFO] [net.minecraft.client.renderer.texture.TextureAtlas/]: Created: 512x256x0 minecraft:textures/atlas/paintings.png-atlas
[10Jun2026 13:33:42.642] [Render thread/INFO] [net.minecraft.client.renderer.texture.TextureAtlas/]: Created: 256x128x0 minecraft:textures/atlas/mob_effects.png-atlas
[10Jun2026 13:33:42.642] [Render thread/INFO] [net.minecraft.client.renderer.texture.TextureAtlas/]: Created: 64x64x0 minecraft:textures/atlas/map_decorations.png-atlas
[10Jun2026 13:33:42.642] [Render thread/INFO] [net.minecraft.client.renderer.texture.TextureAtlas/]: Created: 1024x512x0 minecraft:textures/atlas/gui.png-atlas
[10Jun2026 13:33:42.665] [Render thread/WARN] [net.minecraft.client.renderer.ShaderInstance/]: Shader rendertype_entity_translucent_emissive could not find sampler named Sampler2 in the specified shader program.
[10Jun2026 13:33:42.724] [Render thread/INFO] [Veil/]: Loaded 2 framebuffers
[10Jun2026 13:33:42.737] [Render thread/INFO] [Veil/]: Loaded 3 post pipelines
[10Jun2026 13:33:42.744] [Render thread/INFO] [Veil/]: Loaded 4 render types
[10Jun2026 13:33:42.745] [Render thread/INFO] [Veil/]: Enabled bloom pipeline
[10Jun2026 13:33:42.746] [Render thread/INFO] [Veil/]: Loaded 0 quasar particles
[10Jun2026 13:33:42.746] [Render thread/INFO] [Veil/]: Loaded 0 templates
[10Jun2026 13:33:42.747] [Render thread/INFO] [Veil/]: Loaded 0 modules
[10Jun2026 13:33:42.748] [Render thread/INFO] [net.neoforged.neoforge.client.entity.animation.json.AnimationLoader/]: Loaded 0 entity animations
[10Jun2026 13:33:42.936] [Render thread/INFO] [Veil/]: Compiled 57 vanilla shaders in 223.6 ms
[10Jun2026 13:33:43.678] [Render thread/INFO] [Veil/]: Finished uploading vanilla shaders
[10Jun2026 13:34:00.598] [Render thread/INFO] [net.minecraft.world.item.crafting.RecipeManager/]: Loaded 1290 recipes
[10Jun2026 13:34:00.766] [Render thread/INFO] [net.minecraft.advancements.AdvancementTree/]: Loaded 1399 advancements
[10Jun2026 13:34:01.223] [Server thread/INFO] [net.minecraft.client.server.IntegratedServer/]: Starting integrated minecraft server version 1.21.1
[10Jun2026 13:34:01.223] [Server thread/INFO] [net.minecraft.server.MinecraftServer/]: Generating keypair
[10Jun2026 13:34:01.448] [Server thread/INFO] [net.minecraft.server.MinecraftServer/]: Preparing start region for dimension minecraft:overworld
[10Jun2026 13:34:01.634] [progressListener/INFO] [net.minecraft.server.level.progress.LoggerChunkProgressListener/]: Preparing spawn area: 0%
[10Jun2026 13:34:01.691] [Server thread/INFO] [net.neoforged.neoforge.server.permission.PermissionAPI/]: Successfully initialized permission handler neoforge:default_handler
[10Jun2026 13:34:01.695] [progressListener/INFO] [net.minecraft.server.level.progress.LoggerChunkProgressListener/]: Time elapsed: 230 ms
[10Jun2026 13:34:01.768] [Server thread/INFO] [net.minecraft.client.server.IntegratedServer/]: Changing view distance to 12, from 10
[10Jun2026 13:34:01.768] [Server thread/INFO] [net.minecraft.client.server.IntegratedServer/]: Changing simulation distance to 12, from 0
[10Jun2026 13:34:02.452] [Server thread/INFO] [net.minecraft.server.players.PlayerList/]: Dev[local:E:a957ef4e] logged in with entity id 20 at (48.357491242272175, 56.0, -17.116333030024176)
[10Jun2026 13:34:02.503] [Server thread/INFO] [net.minecraft.server.MinecraftServer/]: Dev joined the game
[10Jun2026 13:34:03.594] [Render thread/INFO] [net.minecraft.advancements.AdvancementTree/]: Loaded 36 advancements
[10Jun2026 13:34:03.793] [Render thread/INFO] [Veil/]: Multi-Bind supported, using core
[10Jun2026 13:34:04.543] [Render thread/INFO] [net.minecraft.client.gui.components.ChatComponent/]: [System] [CHAT] [Tractor Beam] Locked onto ID: 16
[10Jun2026 13:34:04.589] [Render thread/INFO] [net.minecraft.client.gui.components.ChatComponent/]: [System] [CHAT] [Tractor Beam] Target Lost
[10Jun2026 13:34:04.689] [Render thread/INFO] [net.minecraft.client.gui.components.ChatComponent/]: [System] [CHAT] [Tractor Beam] Locked onto ID: 16
[10Jun2026 13:34:05.539] [Render thread/INFO] [net.minecraft.client.gui.components.ChatComponent/]: [System] [CHAT] [Tractor Beam] Locked onto ID: 16
[10Jun2026 13:34:05.589] [Render thread/INFO] [net.minecraft.client.gui.components.ChatComponent/]: [System] [CHAT] [Tractor Beam] Target Lost
[10Jun2026 13:34:05.639] [Render thread/INFO] [net.minecraft.client.gui.components.ChatComponent/]: [System] [CHAT] [Tractor Beam] Locked onto ID: 16
[10Jun2026 13:34:05.688] [Render thread/INFO] [net.minecraft.client.gui.components.ChatComponent/]: [System] [CHAT] [Tractor Beam] Target Lost
[10Jun2026 13:34:05.738] [Render thread/INFO] [net.minecraft.client.gui.components.ChatComponent/]: [System] [CHAT] [Tractor Beam] Locked onto ID: 16
[10Jun2026 13:34:05.789] [Render thread/INFO] [net.minecraft.client.gui.components.ChatComponent/]: [System] [CHAT] [Tractor Beam] Target Lost
[10Jun2026 13:34:05.839] [Render thread/INFO] [net.minecraft.client.gui.components.ChatComponent/]: [System] [CHAT] [Tractor Beam] Locked onto ID: 16
[10Jun2026 13:34:05.889] [Render thread/INFO] [net.minecraft.client.gui.components.ChatComponent/]: [System] [CHAT] [Tractor Beam] Target Lost
[10Jun2026 13:34:05.939] [Render thread/INFO] [net.minecraft.client.gui.components.ChatComponent/]: [System] [CHAT] [Tractor Beam] Locked onto ID: 16
[10Jun2026 13:34:05.990] [Render thread/INFO] [net.minecraft.client.gui.components.ChatComponent/]: [System] [CHAT] [Tractor Beam] Target Lost
[10Jun2026 13:34:06.039] [Render thread/INFO] [net.minecraft.client.gui.components.ChatComponent/]: [System] [CHAT] [Tractor Beam] Locked onto ID: 16
[10Jun2026 13:34:06.089] [Render thread/INFO] [net.minecraft.client.gui.components.ChatComponent/]: [System] [CHAT] [Tractor Beam] Target Lost
[10Jun2026 13:34:06.139] [Render thread/INFO] [net.minecraft.client.gui.components.ChatComponent/]: [System] [CHAT] [Tractor Beam] Locked onto ID: 16
[10Jun2026 13:34:06.189] [Render thread/INFO] [net.minecraft.client.gui.components.ChatComponent/]: [System] [CHAT] [Tractor Beam] Target Lost
[10Jun2026 13:34:06.239] [Render thread/INFO] [net.minecraft.client.gui.components.ChatComponent/]: [System] [CHAT] [Tractor Beam] Locked onto ID: 16
[10Jun2026 13:34:06.289] [Render thread/INFO] [net.minecraft.client.gui.components.ChatComponent/]: [System] [CHAT] [Tractor Beam] Target Lost
[10Jun2026 13:34:06.339] [Render thread/INFO] [net.minecraft.client.gui.components.ChatComponent/]: [System] [CHAT] [Tractor Beam] Locked onto ID: 16
[10Jun2026 13:34:06.389] [Render thread/INFO] [net.minecraft.client.gui.components.ChatComponent/]: [System] [CHAT] [Tractor Beam] Target Lost
[10Jun2026 13:34:06.789] [Render thread/INFO] [net.minecraft.client.gui.components.ChatComponent/]: [System] [CHAT] [Tractor Beam] Locked onto ID: 16
[10Jun2026 13:34:07.689] [Render thread/INFO] [net.minecraft.client.gui.components.ChatComponent/]: [System] [CHAT] [Tractor Beam] Locked onto ID: 16
[10Jun2026 13:34:07.739] [Render thread/INFO] [net.minecraft.client.gui.components.ChatComponent/]: [System] [CHAT] [Tractor Beam] Target Lost
[10Jun2026 13:34:08.540] [Render thread/INFO] [net.minecraft.client.gui.components.ChatComponent/]: [System] [CHAT] [Tractor Beam] Locked onto ID: 16
[10Jun2026 13:34:08.589] [Render thread/INFO] [net.minecraft.client.gui.components.ChatComponent/]: [System] [CHAT] [Tractor Beam] Target Lost
[10Jun2026 13:34:08.638] [Render thread/INFO] [net.minecraft.client.gui.components.ChatComponent/]: [System] [CHAT] [Tractor Beam] Locked onto ID: 16
[10Jun2026 13:34:09.190] [Render thread/INFO] [net.minecraft.client.gui.components.ChatComponent/]: [System] [CHAT] [Tractor Beam] Locked onto ID: 16
[10Jun2026 13:34:09.240] [Render thread/INFO] [net.minecraft.client.gui.components.ChatComponent/]: [System] [CHAT] [Tractor Beam] Target Lost
[10Jun2026 13:34:09.790] [Render thread/INFO] [net.minecraft.client.gui.components.ChatComponent/]: [System] [CHAT] [Tractor Beam] Locked onto ID: 16
[10Jun2026 13:34:09.840] [Render thread/INFO] [net.minecraft.client.gui.components.ChatComponent/]: [System] [CHAT] [Tractor Beam] Target Lost
[10Jun2026 13:34:09.889] [Render thread/INFO] [net.minecraft.client.gui.components.ChatComponent/]: [System] [CHAT] [Tractor Beam] Locked onto ID: 16
[10Jun2026 13:34:09.938] [Render thread/INFO] [net.minecraft.client.gui.components.ChatComponent/]: [System] [CHAT] [Tractor Beam] Target Lost
[10Jun2026 13:34:09.989] [Render thread/INFO] [net.minecraft.client.gui.components.ChatComponent/]: [System] [CHAT] [Tractor Beam] Locked onto ID: 16
[10Jun2026 13:34:10.039] [Render thread/INFO] [net.minecraft.client.gui.components.ChatComponent/]: [System] [CHAT] [Tractor Beam] Target Lost
[10Jun2026 13:34:10.089] [Render thread/INFO] [net.minecraft.client.gui.components.ChatComponent/]: [System] [CHAT] [Tractor Beam] Locked onto ID: 16
[10Jun2026 13:34:10.095] [Server thread/INFO] [net.minecraft.client.server.IntegratedServer/]: Saving and pausing game...
[10Jun2026 13:34:10.123] [Server thread/INFO] [net.minecraft.server.MinecraftServer/]: Saving chunks for level 'ServerLevel[Test 8]'/minecraft:overworld
[10Jun2026 13:34:10.131] [Server thread/INFO] [net.minecraft.server.MinecraftServer/]: Saving chunks for level 'ServerLevel[Test 8]'/minecraft:the_nether
[10Jun2026 13:34:10.131] [Server thread/INFO] [net.minecraft.server.MinecraftServer/]: Saving chunks for level 'ServerLevel[Test 8]'/minecraft:the_end
[10Jun2026 13:45:51.328] [Render thread/INFO] [net.minecraft.client.gui.components.ChatComponent/]: [System] [CHAT] [Tractor Beam] Locked onto ID: 16
[10Jun2026 13:45:51.377] [Render thread/INFO] [net.minecraft.client.gui.components.ChatComponent/]: [System] [CHAT] [Tractor Beam] Target Lost
[10Jun2026 13:45:51.427] [Render thread/INFO] [net.minecraft.client.gui.components.ChatComponent/]: [System] [CHAT] [Tractor Beam] Locked onto ID: 16
[10Jun2026 13:45:51.477] [Render thread/INFO] [net.minecraft.client.gui.components.ChatComponent/]: [System] [CHAT] [Tractor Beam] Target Lost
[10Jun2026 13:45:51.527] [Render thread/INFO] [net.minecraft.client.gui.components.ChatComponent/]: [System] [CHAT] [Tractor Beam] Locked onto ID: 16
[10Jun2026 13:45:51.577] [Render thread/INFO] [net.minecraft.client.gui.components.ChatComponent/]: [System] [CHAT] [Tractor Beam] Target Lost
[10Jun2026 13:45:51.627] [Render thread/INFO] [net.minecraft.client.gui.components.ChatComponent/]: [System] [CHAT] [Tractor Beam] Locked onto ID: 16
[10Jun2026 13:45:51.678] [Render thread/INFO] [net.minecraft.client.gui.components.ChatComponent/]: [System] [CHAT] [Tractor Beam] Target Lost
[10Jun2026 13:45:51.727] [Render thread/INFO] [net.minecraft.client.gui.components.ChatComponent/]: [System] [CHAT] [Tractor Beam] Locked onto ID: 16
[10Jun2026 13:45:51.777] [Render thread/INFO] [net.minecraft.client.gui.components.ChatComponent/]: [System] [CHAT] [Tractor Beam] Target Lost
[10Jun2026 13:45:51.827] [Render thread/INFO] [net.minecraft.client.gui.components.ChatComponent/]: [System] [CHAT] [Tractor Beam] Locked onto ID: 16
[10Jun2026 13:45:51.877] [Render thread/INFO] [net.minecraft.client.gui.components.ChatComponent/]: [System] [CHAT] [Tractor Beam] Target Lost
[10Jun2026 13:45:51.927] [Render thread/INFO] [net.minecraft.client.gui.components.ChatComponent/]: [System] [CHAT] [Tractor Beam] Locked onto ID: 16
[10Jun2026 13:45:51.977] [Render thread/INFO] [net.minecraft.client.gui.components.ChatComponent/]: [System] [CHAT] [Tractor Beam] Target Lost
[10Jun2026 13:45:52.027] [Render thread/INFO] [net.minecraft.client.gui.components.ChatComponent/]: [System] [CHAT] [Tractor Beam] Locked onto ID: 16
[10Jun2026 13:45:52.077] [Render thread/INFO] [net.minecraft.client.gui.components.ChatComponent/]: [System] [CHAT] [Tractor Beam] Target Lost
[10Jun2026 13:45:52.128] [Render thread/INFO] [net.minecraft.client.gui.components.ChatComponent/]: [System] [CHAT] [Tractor Beam] Locked onto ID: 16
[10Jun2026 13:45:52.178] [Render thread/INFO] [net.minecraft.client.gui.components.ChatComponent/]: [System] [CHAT] [Tractor Beam] Target Lost
[10Jun2026 13:45:52.227] [Render thread/INFO] [net.minecraft.client.gui.components.ChatComponent/]: [System] [CHAT] [Tractor Beam] Locked onto ID: 16
[10Jun2026 13:45:53.678] [Render thread/INFO] [net.minecraft.client.gui.components.ChatComponent/]: [System] [CHAT] [Tractor Beam] Locked onto ID: 16
[10Jun2026 13:45:53.728] [Render thread/INFO] [net.minecraft.client.gui.components.ChatComponent/]: [System] [CHAT] [Tractor Beam] Target Lost
[10Jun2026 13:45:53.777] [Render thread/INFO] [net.minecraft.client.gui.components.ChatComponent/]: [System] [CHAT] [Tractor Beam] Locked onto ID: 16
[10Jun2026 13:45:53.827] [Render thread/INFO] [net.minecraft.client.gui.components.ChatComponent/]: [System] [CHAT] [Tractor Beam] Target Lost
[10Jun2026 13:45:53.878] [Render thread/INFO] [net.minecraft.client.gui.components.ChatComponent/]: [System] [CHAT] [Tractor Beam] Locked onto ID: 16
[10Jun2026 13:45:53.927] [Render thread/INFO] [net.minecraft.client.gui.components.ChatComponent/]: [System] [CHAT] [Tractor Beam] Target Lost
[10Jun2026 13:45:53.977] [Render thread/INFO] [net.minecraft.client.gui.components.ChatComponent/]: [System] [CHAT] [Tractor Beam] Locked onto ID: 16
[10Jun2026 13:45:54.028] [Render thread/INFO] [net.minecraft.client.gui.components.ChatComponent/]: [System] [CHAT] [Tractor Beam] Target Lost
[10Jun2026 13:45:54.078] [Render thread/INFO] [net.minecraft.client.gui.components.ChatComponent/]: [System] [CHAT] [Tractor Beam] Locked onto ID: 16
[10Jun2026 13:45:54.129] [Render thread/INFO] [net.minecraft.client.gui.components.ChatComponent/]: [System] [CHAT] [Tractor Beam] Target Lost
[10Jun2026 13:45:54.629] [Render thread/INFO] [net.minecraft.client.gui.components.ChatComponent/]: [System] [CHAT] [Tractor Beam] Locked onto ID: 16
[10Jun2026 13:45:55.341] [Render thread/INFO] [net.minecraft.client.gui.components.ChatComponent/]: [System] [CHAT] [Tractor Beam] Locked onto ID: 16
[10Jun2026 13:45:55.378] [Render thread/INFO] [net.minecraft.client.gui.components.ChatComponent/]: [System] [CHAT] [Tractor Beam] Target Lost
[10Jun2026 13:45:56.078] [Render thread/INFO] [net.minecraft.client.gui.components.ChatComponent/]: [System] [CHAT] [Tractor Beam] Locked onto ID: 16
[10Jun2026 13:45:56.128] [Render thread/INFO] [net.minecraft.client.gui.components.ChatComponent/]: [System] [CHAT] [Tractor Beam] Target Lost
[10Jun2026 13:45:56.178] [Render thread/INFO] [net.minecraft.client.gui.components.ChatComponent/]: [System] [CHAT] [Tractor Beam] Locked onto ID: 16
[10Jun2026 13:45:56.228] [Render thread/INFO] [net.minecraft.client.gui.components.ChatComponent/]: [System] [CHAT] [Tractor Beam] Target Lost
[10Jun2026 13:45:56.278] [Render thread/INFO] [net.minecraft.client.gui.components.ChatComponent/]: [System] [CHAT] [Tractor Beam] Locked onto ID: 16
[10Jun2026 13:45:56.528] [Render thread/INFO] [net.minecraft.client.gui.components.ChatComponent/]: [System] [CHAT] [Tractor Beam] Locked onto ID: 16
[10Jun2026 13:45:56.578] [Render thread/INFO] [net.minecraft.client.gui.components.ChatComponent/]: [System] [CHAT] [Tractor Beam] Target Lost
[10Jun2026 13:45:56.627] [Render thread/INFO] [net.minecraft.client.gui.components.ChatComponent/]: [System] [CHAT] [Tractor Beam] Locked onto ID: 16
[10Jun2026 13:45:56.677] [Render thread/INFO] [net.minecraft.client.gui.components.ChatComponent/]: [System] [CHAT] [Tractor Beam] Target Lost
[10Jun2026 13:45:56.727] [Render thread/INFO] [net.minecraft.client.gui.components.ChatComponent/]: [System] [CHAT] [Tractor Beam] Locked onto ID: 16
[10Jun2026 13:45:56.778] [Render thread/INFO] [net.minecraft.client.gui.components.ChatComponent/]: [System] [CHAT] [Tractor Beam] Target Lost
[10Jun2026 13:45:57.028] [Render thread/INFO] [net.minecraft.client.gui.components.ChatComponent/]: [System] [CHAT] [Tractor Beam] Locked onto ID: 16
[10Jun2026 13:45:57.078] [Render thread/INFO] [net.minecraft.client.gui.components.ChatComponent/]: [System] [CHAT] [Tractor Beam] Target Lost
[10Jun2026 13:45:57.478] [Render thread/INFO] [net.minecraft.client.gui.components.ChatComponent/]: [System] [CHAT] [Tractor Beam] Locked onto ID: 16
[10Jun2026 13:45:57.928] [Render thread/INFO] [net.minecraft.client.gui.components.ChatComponent/]: [System] [CHAT] [Tractor Beam] Locked onto ID: 16
[10Jun2026 13:45:57.978] [Render thread/INFO] [net.minecraft.client.gui.components.ChatComponent/]: [System] [CHAT] [Tractor Beam] Target Lost
[10Jun2026 13:45:58.028] [Render thread/INFO] [net.minecraft.client.gui.components.ChatComponent/]: [System] [CHAT] [Tractor Beam] Locked onto ID: 16
[10Jun2026 13:45:58.078] [Render thread/INFO] [net.minecraft.client.gui.components.ChatComponent/]: [System] [CHAT] [Tractor Beam] Target Lost
[10Jun2026 13:45:58.377] [Render thread/INFO] [net.minecraft.client.gui.components.ChatComponent/]: [System] [CHAT] [Tractor Beam] Locked onto ID: 16
[10Jun2026 13:45:58.427] [Render thread/INFO] [net.minecraft.client.gui.components.ChatComponent/]: [System] [CHAT] [Tractor Beam] Target Lost
[10Jun2026 13:45:58.678] [Render thread/INFO] [net.minecraft.client.gui.components.ChatComponent/]: [System] [CHAT] [Tractor Beam] Locked onto ID: 16
[10Jun2026 13:45:58.727] [Render thread/INFO] [net.minecraft.client.gui.components.ChatComponent/]: [System] [CHAT] [Tractor Beam] Target Lost
[10Jun2026 13:45:58.928] [Render thread/INFO] [net.minecraft.client.gui.components.ChatComponent/]: [System] [CHAT] [Tractor Beam] Locked onto ID: 16
[10Jun2026 13:45:59.378] [Render thread/INFO] [net.minecraft.client.gui.components.ChatComponent/]: [System] [CHAT] [Tractor Beam] Locked onto ID: 16
[10Jun2026 13:45:59.427] [Render thread/INFO] [net.minecraft.client.gui.components.ChatComponent/]: [System] [CHAT] [Tractor Beam] Target Lost
[10Jun2026 13:45:59.478] [Render thread/INFO] [net.minecraft.client.gui.components.ChatComponent/]: [System] [CHAT] [Tractor Beam] Locked onto ID: 16
[10Jun2026 13:45:59.528] [Render thread/INFO] [net.minecraft.client.gui.components.ChatComponent/]: [System] [CHAT] [Tractor Beam] Target Lost
[10Jun2026 13:45:59.928] [Render thread/INFO] [net.minecraft.client.gui.components.ChatComponent/]: [System] [CHAT] [Tractor Beam] Locked onto ID: 16
[10Jun2026 13:45:59.978] [Render thread/INFO] [net.minecraft.client.gui.components.ChatComponent/]: [System] [CHAT] [Tractor Beam] Target Lost
[10Jun2026 13:46:00.027] [Render thread/INFO] [net.minecraft.client.gui.components.ChatComponent/]: [System] [CHAT] [Tractor Beam] Locked onto ID: 16
[10Jun2026 13:46:00.078] [Render thread/INFO] [net.minecraft.client.gui.components.ChatComponent/]: [System] [CHAT] [Tractor Beam] Target Lost
[10Jun2026 13:46:00.228] [Render thread/INFO] [net.minecraft.client.gui.components.ChatComponent/]: [System] [CHAT] [Tractor Beam] Locked onto ID: 16
[10Jun2026 13:46:00.278] [Render thread/INFO] [net.minecraft.client.gui.components.ChatComponent/]: [System] [CHAT] [Tractor Beam] Target Lost
[10Jun2026 13:46:00.328] [Render thread/INFO] [net.minecraft.client.gui.components.ChatComponent/]: [System] [CHAT] [Tractor Beam] Locked onto ID: 16
[10Jun2026 13:46:01.228] [Render thread/INFO] [net.minecraft.client.gui.components.ChatComponent/]: [System] [CHAT] [Tractor Beam] Locked onto ID: 16
[10Jun2026 13:46:01.278] [Render thread/INFO] [net.minecraft.client.gui.components.ChatComponent/]: [System] [CHAT] [Tractor Beam] Target Lost
[10Jun2026 13:46:02.228] [Render thread/INFO] [net.minecraft.client.gui.components.ChatComponent/]: [System] [CHAT] [Tractor Beam] Locked onto ID: 16
[10Jun2026 13:46:03.028] [Render thread/INFO] [net.minecraft.client.gui.components.ChatComponent/]: [System] [CHAT] [Tractor Beam] Locked onto ID: 16
[10Jun2026 13:46:03.077] [Render thread/INFO] [net.minecraft.client.gui.components.ChatComponent/]: [System] [CHAT] [Tractor Beam] Target Lost
[10Jun2026 13:46:03.779] [Render thread/INFO] [net.minecraft.client.gui.components.ChatComponent/]: [System] [CHAT] [Tractor Beam] Locked onto ID: 16
[10Jun2026 13:46:03.827] [Render thread/INFO] [net.minecraft.client.gui.components.ChatComponent/]: [System] [CHAT] [Tractor Beam] Target Lost
[10Jun2026 13:46:05.178] [Render thread/INFO] [net.minecraft.client.gui.components.ChatComponent/]: [System] [CHAT] [Tractor Beam] Locked onto ID: 16
[10Jun2026 13:46:05.529] [Render thread/INFO] [net.minecraft.client.gui.components.ChatComponent/]: [System] [CHAT] [Tractor Beam] Target Lost
[10Jun2026 13:46:05.645] [Server thread/INFO] [net.minecraft.client.server.IntegratedServer/]: Saving and pausing game...
[10Jun2026 13:46:05.665] [Server thread/INFO] [net.minecraft.server.MinecraftServer/]: Saving chunks for level 'ServerLevel[Test 8]'/minecraft:overworld
[10Jun2026 13:46:05.669] [Server thread/INFO] [net.minecraft.server.MinecraftServer/]: Saving chunks for level 'ServerLevel[Test 8]'/minecraft:the_nether
[10Jun2026 13:46:05.669] [Server thread/INFO] [net.minecraft.server.MinecraftServer/]: Saving chunks for level 'ServerLevel[Test 8]'/minecraft:the_end
[10Jun2026 13:46:06.392] [Render thread/INFO] [net.minecraft.client.Minecraft/]: Stopping!
[10Jun2026 13:46:06.447] [Server thread/INFO] [net.minecraft.server.network.ServerGamePacketListenerImpl/]: Dev lost connection: Disconnected
[10Jun2026 13:46:06.448] [Server thread/INFO] [net.minecraft.server.MinecraftServer/]: Dev left the game
[10Jun2026 13:46:06.472] [Server thread/INFO] [net.minecraft.server.network.ServerCommonPacketListenerImpl/]: Stopping singleplayer server as player logged out
[10Jun2026 13:46:06.495] [Server thread/INFO] [net.minecraft.server.MinecraftServer/]: Stopping server
[10Jun2026 13:46:06.496] [Server thread/INFO] [net.minecraft.server.MinecraftServer/]: Saving players
[10Jun2026 13:46:06.496] [Server thread/INFO] [net.minecraft.server.MinecraftServer/]: Saving worlds
[10Jun2026 13:46:06.585] [Server thread/INFO] [net.minecraft.server.MinecraftServer/]: Saving chunks for level 'ServerLevel[Test 8]'/minecraft:overworld
[10Jun2026 13:46:06.604] [Server thread/INFO] [net.minecraft.server.MinecraftServer/]: Saving chunks for level 'ServerLevel[Test 8]'/minecraft:the_nether
[10Jun2026 13:46:06.610] [Server thread/INFO] [net.minecraft.server.MinecraftServer/]: Saving chunks for level 'ServerLevel[Test 8]'/minecraft:the_end
[10Jun2026 13:46:06.625] [Server thread/INFO] [net.minecraft.server.MinecraftServer/]: ThreadedAnvilChunkStorage (Test 8): All chunks are saved
[10Jun2026 13:46:06.625] [Server thread/INFO] [net.minecraft.server.MinecraftServer/]: ThreadedAnvilChunkStorage (DIM-1): All chunks are saved
[10Jun2026 13:46:06.625] [Server thread/INFO] [net.minecraft.server.MinecraftServer/]: ThreadedAnvilChunkStorage (DIM1): All chunks are saved
[10Jun2026 13:46:06.625] [Server thread/INFO] [net.minecraft.server.MinecraftServer/]: ThreadedAnvilChunkStorage: All dimensions are saved
